Archive member included to satisfy reference by file (symbol)

c:/program files (x86)/atmel/studio/7.0/toolchain/arm/arm-gnu-toolchain/bin/../lib/gcc/arm-none-eabi/6.3.1/../../../../arm-none-eabi/lib/thumb/v6-m\libc.a(lib_a-bcopy.o)
                              accelerometer.o (bcopy)
c:/program files (x86)/atmel/studio/7.0/toolchain/arm/arm-gnu-toolchain/bin/../lib/gcc/arm-none-eabi/6.3.1/../../../../arm-none-eabi/lib/thumb/v6-m\libc.a(lib_a-exit.o)
                              c:/program files (x86)/atmel/studio/7.0/toolchain/arm/arm-gnu-toolchain/bin/../lib/gcc/arm-none-eabi/6.3.1/../../../../arm-none-eabi/lib/thumb/v6-m/crt0.o (exit)
c:/program files (x86)/atmel/studio/7.0/toolchain/arm/arm-gnu-toolchain/bin/../lib/gcc/arm-none-eabi/6.3.1/../../../../arm-none-eabi/lib/thumb/v6-m\libc.a(lib_a-impure.o)
                              c:/program files (x86)/atmel/studio/7.0/toolchain/arm/arm-gnu-toolchain/bin/../lib/gcc/arm-none-eabi/6.3.1/../../../../arm-none-eabi/lib/thumb/v6-m\libc.a(lib_a-exit.o) (_global_impure_ptr)
c:/program files (x86)/atmel/studio/7.0/toolchain/arm/arm-gnu-toolchain/bin/../lib/gcc/arm-none-eabi/6.3.1/../../../../arm-none-eabi/lib/thumb/v6-m\libc.a(lib_a-init.o)
                              c:/program files (x86)/atmel/studio/7.0/toolchain/arm/arm-gnu-toolchain/bin/../lib/gcc/arm-none-eabi/6.3.1/../../../../arm-none-eabi/lib/thumb/v6-m/crt0.o (__libc_init_array)
c:/program files (x86)/atmel/studio/7.0/toolchain/arm/arm-gnu-toolchain/bin/../lib/gcc/arm-none-eabi/6.3.1/../../../../arm-none-eabi/lib/thumb/v6-m\libc.a(lib_a-memcmp.o)
                              accelerometer.o (memcmp)
c:/program files (x86)/atmel/studio/7.0/toolchain/arm/arm-gnu-toolchain/bin/../lib/gcc/arm-none-eabi/6.3.1/../../../../arm-none-eabi/lib/thumb/v6-m\libc.a(lib_a-memmove.o)
                              c:/program files (x86)/atmel/studio/7.0/toolchain/arm/arm-gnu-toolchain/bin/../lib/gcc/arm-none-eabi/6.3.1/../../../../arm-none-eabi/lib/thumb/v6-m\libc.a(lib_a-bcopy.o) (memmove)
c:/program files (x86)/atmel/studio/7.0/toolchain/arm/arm-gnu-toolchain/bin/../lib/gcc/arm-none-eabi/6.3.1/../../../../arm-none-eabi/lib/thumb/v6-m\libc.a(lib_a-memset.o)
                              c:/program files (x86)/atmel/studio/7.0/toolchain/arm/arm-gnu-toolchain/bin/../lib/gcc/arm-none-eabi/6.3.1/../../../../arm-none-eabi/lib/thumb/v6-m/crt0.o (memset)
c:/program files (x86)/atmel/studio/7.0/toolchain/arm/arm-gnu-toolchain/bin/../lib/gcc/arm-none-eabi/6.3.1/../../../../arm-none-eabi/lib/thumb/v6-m\libc.a(lib_a-__call_atexit.o)
                              c:/program files (x86)/atmel/studio/7.0/toolchain/arm/arm-gnu-toolchain/bin/../lib/gcc/arm-none-eabi/6.3.1/../../../../arm-none-eabi/lib/thumb/v6-m\libc.a(lib_a-exit.o) (__call_exitprocs)
c:/program files (x86)/atmel/studio/7.0/toolchain/arm/arm-gnu-toolchain/bin/../lib/gcc/arm-none-eabi/6.3.1/../../../../arm-none-eabi/lib/thumb/v6-m\libc.a(lib_a-atexit.o)
                              c:/program files (x86)/atmel/studio/7.0/toolchain/arm/arm-gnu-toolchain/bin/../lib/gcc/arm-none-eabi/6.3.1/../../../../arm-none-eabi/lib/thumb/v6-m\libc.a(lib_a-__call_atexit.o) (atexit)
c:/program files (x86)/atmel/studio/7.0/toolchain/arm/arm-gnu-toolchain/bin/../lib/gcc/arm-none-eabi/6.3.1/../../../../arm-none-eabi/lib/thumb/v6-m\libc.a(lib_a-fini.o)
                              c:/program files (x86)/atmel/studio/7.0/toolchain/arm/arm-gnu-toolchain/bin/../lib/gcc/arm-none-eabi/6.3.1/../../../../arm-none-eabi/lib/thumb/v6-m\libc.a(lib_a-__call_atexit.o) (__libc_fini_array)
c:/program files (x86)/atmel/studio/7.0/toolchain/arm/arm-gnu-toolchain/bin/../lib/gcc/arm-none-eabi/6.3.1/../../../../arm-none-eabi/lib/thumb/v6-m\libc.a(lib_a-lock.o)
                              c:/program files (x86)/atmel/studio/7.0/toolchain/arm/arm-gnu-toolchain/bin/../lib/gcc/arm-none-eabi/6.3.1/../../../../arm-none-eabi/lib/thumb/v6-m\libc.a(lib_a-__call_atexit.o) (__retarget_lock_acquire_recursive)
c:/program files (x86)/atmel/studio/7.0/toolchain/arm/arm-gnu-toolchain/bin/../lib/gcc/arm-none-eabi/6.3.1/../../../../arm-none-eabi/lib/thumb/v6-m\libc.a(lib_a-__atexit.o)
                              c:/program files (x86)/atmel/studio/7.0/toolchain/arm/arm-gnu-toolchain/bin/../lib/gcc/arm-none-eabi/6.3.1/../../../../arm-none-eabi/lib/thumb/v6-m\libc.a(lib_a-atexit.o) (__register_exitproc)

Allocating common symbols
Common symbol       size              file

__lock___atexit_recursive_mutex
                    0x1               c:/program files (x86)/atmel/studio/7.0/toolchain/arm/arm-gnu-toolchain/bin/../lib/gcc/arm-none-eabi/6.3.1/../../../../arm-none-eabi/lib/thumb/v6-m\libc.a(lib_a-lock.o)
__lock___arc4random_mutex
                    0x1               c:/program files (x86)/atmel/studio/7.0/toolchain/arm/arm-gnu-toolchain/bin/../lib/gcc/arm-none-eabi/6.3.1/../../../../arm-none-eabi/lib/thumb/v6-m\libc.a(lib_a-lock.o)
accel               0xc               accelerometer.o
[...]
Memory Configuration

Name             Origin             Length             Attributes
rom              0x00000000         0x00040000         xr
ram              0x20000000         0x00008000         xrw
*default*        0x00000000         0xffffffff

Linker script and memory map

LOAD c:/program files (x86)/atmel/studio/7.0/toolchain/arm/arm-gnu-toolchain/bin/../lib/gcc/arm-none-eabi/6.3.1/thumb/v6-m/crti.o
LOAD c:/program files (x86)/atmel/studio/7.0/toolchain/arm/arm-gnu-toolchain/bin/../lib/gcc/arm-none-eabi/6.3.1/thumb/v6-m/crtbegin.o
LOAD c:/program files (x86)/atmel/studio/7.0/toolchain/arm/arm-gnu-toolchain/bin/../lib/gcc/arm-none-eabi/6.3.1/../../../../arm-none-eabi/lib/thumb/v6-m/crt0.o
LOAD accelerometer.o
LOAD bmi160.o
LOAD Device_Startup/startup_samd21.o
LOAD Device_Startup/system_samd21.o
LOAD i2c.o
LOAD main.o
START GROUP
LOAD c:/program files (x86)/atmel/studio/7.0/toolchain/arm/arm-gnu-toolchain/bin/../lib/gcc/arm-none-eabi/6.3.1/../../../../arm-none-eabi/lib/thumb/v6-m\libm.a
END GROUP
START GROUP
LOAD c:/program files (x86)/atmel/studio/7.0/toolchain/arm/arm-gnu-toolchain/bin/../lib/gcc/arm-none-eabi/6.3.1/thumb/v6-m\libgcc.a
LOAD c:/program files (x86)/atmel/studio/7.0/toolchain/arm/arm-gnu-toolchain/bin/../lib/gcc/arm-none-eabi/6.3.1/../../../../arm-none-eabi/lib/thumb/v6-m\libc.a
END GROUP
LOAD c:/program files (x86)/atmel/studio/7.0/toolchain/arm/arm-gnu-toolchain/bin/../lib/gcc/arm-none-eabi/6.3.1/thumb/v6-m/crtend.o
LOAD c:/program files (x86)/atmel/studio/7.0/toolchain/arm/arm-gnu-toolchain/bin/../lib/gcc/arm-none-eabi/6.3.1/thumb/v6-m/crtn.o
                0x00002000                STACK_SIZE = DEFINED (STACK_SIZE)?STACK_SIZE:DEFINED (__stack_size__)?__stack_size__:0x2000

.text           0x00000000     0x137c
                0x00000000                . = ALIGN (0x4)
                0x00000000                _sfixed = .
 *(.vectors .vectors.*)
 .vectors       0x00000000       0xb4 Device_Startup/startup_samd21.o
                0x00000000                exception_table
 *(.text .text.* .gnu.linkonce.t.*)
 .text          0x000000b4       0x60 c:/program files (x86)/atmel/studio/7.0/toolchain/arm/arm-gnu-toolchain/bin/../lib/gcc/arm-none-eabi/6.3.1/thumb/v6-m/crtbegin.o
 .text.user_delay_ms
                0x00000114       0x1c accelerometer.o
                0x00000114                user_delay_ms
 .text.user_i2c_read
                0x00000130       0x34 accelerometer.o
                0x00000130                user_i2c_read
 .text.user_i2c_write
                0x00000164       0x38 accelerometer.o
                0x00000164                user_i2c_write
 .text.accelerometer_init
                0x0000019c       0x58 accelerometer.o
                0x0000019c                accelerometer_init
 .text.accelerometer_get
                0x000001f4       0x48 accelerometer.o
                0x000001f4                accelerometer_get
 .text.null_ptr_check
                0x0000023c       0x32 bmi160.o
 .text.default_param_settg
                0x0000026e       0x26 bmi160.o
 .text.process_accel_odr
                0x00000294       0x2a bmi160.o
 .text.process_accel_bw
                0x000002be       0x22 bmi160.o
 .text.process_accel_range
                0x000002e0       0x2a bmi160.o
 .text.process_gyro_odr
                0x0000030a       0x2a bmi160.o
 .text.process_gyro_bw
                0x00000334       0x20 bmi160.o
 .text.process_gyro_range
                0x00000354       0x2a bmi160.o
 .text.bmi160_get_regs
                0x0000037e       0x4a bmi160.o
                0x0000037e                bmi160_get_regs
 .text.check_accel_config
                0x000003c8       0x4c bmi160.o
 .text.check_gyro_config
                0x00000414       0x4c bmi160.o
 .text.check_invalid_settg
                0x00000460       0x50 bmi160.o
 .text.get_accel_data
                0x000004b0       0x78 bmi160.o
 .text.get_gyro_data
                0x00000528       0xcc bmi160.o
 .text.get_accel_gyro_data
                0x000005f4       0xbc bmi160.o
 .text.bmi160_set_regs
                0x000006b0       0x96 bmi160.o
                0x000006b0                bmi160_set_regs
 *fill*         0x00000746        0x2 
 .text.set_accel_conf
                0x00000748       0x58 bmi160.o
 .text.set_gyro_conf
                0x000007a0       0x58 bmi160.o
 .text.process_under_sampling
                0x000007f8       0x78 bmi160.o
 .text.set_accel_pwr
                0x00000870       0x68 bmi160.o
 .text.set_gyro_pwr
                0x000008d8       0x60 bmi160.o
 .text.bmi160_soft_reset
                0x00000938       0x74 bmi160.o
                0x00000938                bmi160_soft_reset
 .text.bmi160_init
                0x000009ac       0x6c bmi160.o
                0x000009ac                bmi160_init
 .text.bmi160_set_power_mode
                0x00000a18       0x34 bmi160.o
                0x00000a18                bmi160_set_power_mode
 .text.bmi160_set_sens_conf
                0x00000a4c       0x50 bmi160.o
                0x00000a4c                bmi160_set_sens_conf
 .text.bmi160_get_sensor_data
                0x00000a9c       0x84 bmi160.o
                0x00000a9c                bmi160_get_sensor_data
 .text.Dummy_Handler
                0x00000b20        0x2 Device_Startup/startup_samd21.o
                0x00000b20                SVCall_Handler
                0x00000b20                DMAC_Handler
                0x00000b20                HardFault_Handler
                0x00000b20                AC_Handler
                0x00000b20                SysTick_Handler
                0x00000b20                PendSV_Handler
                0x00000b20                SERCOM1_Handler
                0x00000b20                ADC_Handler
                0x00000b20                NonMaskableInt_Handler
                0x00000b20                TCC1_Handler
                0x00000b20                SERCOM2_Handler
                0x00000b20                TCC0_Handler
                0x00000b20                RTC_Handler
                0x00000b20                EIC_Handler
                0x00000b20                WDT_Handler
                0x00000b20                TC4_Handler
                0x00000b20                USB_Handler
                0x00000b20                TC3_Handler
                0x00000b20                Dummy_Handler
                0x00000b20                PM_Handler
                0x00000b20                SERCOM5_Handler
                0x00000b20                TCC2_Handler
                0x00000b20                EVSYS_Handler
                0x00000b20                SERCOM3_Handler
                0x00000b20                SERCOM4_Handler
                0x00000b20                I2S_Handler
                0x00000b20                NVMCTRL_Handler
                0x00000b20                SERCOM0_Handler
                0x00000b20                DAC_Handler
                0x00000b20                PTC_Handler
                0x00000b20                TC5_Handler
                0x00000b20                SYSCTRL_Handler
 *fill*         0x00000b22        0x2 
 .text.Reset_Handler
                0x00000b24       0xc4 Device_Startup/startup_samd21.o
                0x00000b24                Reset_Handler
 .text.SystemInit
                0x00000be8      0x198 Device_Startup/system_samd21.o
                0x00000be8                SystemInit
 .text.i2c_init
                0x00000d80      0x114 i2c.o
                0x00000d80                i2c_init
 .text.i2c_write
                0x00000e94       0x6c i2c.o
                0x00000e94                i2c_write
 .text.i2c_read_setup
                0x00000f00       0x6c i2c.o
                0x00000f00                i2c_read_setup
 .text.i2c_read
                0x00000f6c       0x80 i2c.o
                0x00000f6c                i2c_read
 .text.main     0x00000fec       0x38 main.o
                0x00000fec                main
 .text.bcopy    0x00001024       0x10 c:/program files (x86)/atmel/studio/7.0/toolchain/arm/arm-gnu-toolchain/bin/../lib/gcc/arm-none-eabi/6.3.1/../../../../arm-none-eabi/lib/thumb/v6-m\libc.a(lib_a-bcopy.o)
                0x00001024                bcopy
 .text.__libc_init_array
                0x00001034       0x48 c:/program files (x86)/atmel/studio/7.0/toolchain/arm/arm-gnu-toolchain/bin/../lib/gcc/arm-none-eabi/6.3.1/../../../../arm-none-eabi/lib/thumb/v6-m\libc.a(lib_a-init.o)
                0x00001034                __libc_init_array
 .text.memcmp   0x0000107c       0x4c c:/program files (x86)/atmel/studio/7.0/toolchain/arm/arm-gnu-toolchain/bin/../lib/gcc/arm-none-eabi/6.3.1/../../../../arm-none-eabi/lib/thumb/v6-m\libc.a(lib_a-memcmp.o)
                0x0000107c                memcmp
 .text.memmove  0x000010c8       0xa0 c:/program files (x86)/atmel/studio/7.0/toolchain/arm/arm-gnu-toolchain/bin/../lib/gcc/arm-none-eabi/6.3.1/../../../../arm-none-eabi/lib/thumb/v6-m\libc.a(lib_a-memmove.o)
                0x000010c8                memmove
 .text.memset   0x00001168       0x94 c:/program files (x86)/atmel/studio/7.0/toolchain/arm/arm-gnu-toolchain/bin/../lib/gcc/arm-none-eabi/6.3.1/../../../../arm-none-eabi/lib/thumb/v6-m\libc.a(lib_a-memset.o)
                0x00001168                memset
 .text.startup.register_fini
                0x000011fc       0x18 c:/program files (x86)/atmel/studio/7.0/toolchain/arm/arm-gnu-toolchain/bin/../lib/gcc/arm-none-eabi/6.3.1/../../../../arm-none-eabi/lib/thumb/v6-m\libc.a(lib_a-__call_atexit.o)
 .text.atexit   0x00001214       0x10 c:/program files (x86)/atmel/studio/7.0/toolchain/arm/arm-gnu-toolchain/bin/../lib/gcc/arm-none-eabi/6.3.1/../../../../arm-none-eabi/lib/thumb/v6-m\libc.a(lib_a-atexit.o)
                0x00001214                atexit
 .text.__libc_fini_array
                0x00001224       0x34 c:/program files (x86)/atmel/studio/7.0/toolchain/arm/arm-gnu-toolchain/bin/../lib/gcc/arm-none-eabi/6.3.1/../../../../arm-none-eabi/lib/thumb/v6-m\libc.a(lib_a-fini.o)
                0x00001224                __libc_fini_array
 .text.__retarget_lock_acquire_recursive
                0x00001258        0x4 c:/program files (x86)/atmel/studio/7.0/toolchain/arm/arm-gnu-toolchain/bin/../lib/gcc/arm-none-eabi/6.3.1/../../../../arm-none-eabi/lib/thumb/v6-m\libc.a(lib_a-lock.o)
                0x00001258                __retarget_lock_acquire_recursive
 .text.__retarget_lock_release_recursive
                0x0000125c        0x4 c:/program files (x86)/atmel/studio/7.0/toolchain/arm/arm-gnu-toolchain/bin/../lib/gcc/arm-none-eabi/6.3.1/../../../../arm-none-eabi/lib/thumb/v6-m\libc.a(lib_a-lock.o)
                0x0000125c                __retarget_lock_release_recursive
 .text.__register_exitproc
                0x00001260       0xf4 c:/program files (x86)/atmel/studio/7.0/toolchain/arm/arm-gnu-toolchain/bin/../lib/gcc/arm-none-eabi/6.3.1/../../../../arm-none-eabi/lib/thumb/v6-m\libc.a(lib_a-__atexit.o)
                0x00001260                __register_exitproc
 *(.glue_7t)
 .glue_7t       0x00001354        0x0 linker stubs
 *(.glue_7)
 .glue_7        0x00001354        0x0 linker stubs
 *(.rodata .rodata* .gnu.linkonce.r.*)
 .rodata._global_impure_ptr
                0x00001354        0x4 c:/program files (x86)/atmel/studio/7.0/toolchain/arm/arm-gnu-toolchain/bin/../lib/gcc/arm-none-eabi/6.3.1/../../../../arm-none-eabi/lib/thumb/v6-m\libc.a(lib_a-impure.o)
                0x00001354                _global_impure_ptr
 *(.ARM.extab* .gnu.linkonce.armextab.*)
                0x00001358                . = ALIGN (0x4)
 *(.init)
 .init          0x00001358        0x4 c:/program files (x86)/atmel/studio/7.0/toolchain/arm/arm-gnu-toolchain/bin/../lib/gcc/arm-none-eabi/6.3.1/thumb/v6-m/crti.o
                0x00001358                _init
 .init          0x0000135c        0x8 c:/program files (x86)/atmel/studio/7.0/toolchain/arm/arm-gnu-toolchain/bin/../lib/gcc/arm-none-eabi/6.3.1/thumb/v6-m/crtn.o
                0x00001364                . = ALIGN (0x4)
                0x00001364                __preinit_array_start = .
 *(.preinit_array)
                0x00001364                __preinit_array_end = .
                0x00001364                . = ALIGN (0x4)
                0x00001364                __init_array_start = .
 *(SORT(.init_array.*))
 .init_array.00000
                0x00001364        0x4 c:/program files (x86)/atmel/studio/7.0/toolchain/arm/arm-gnu-toolchain/bin/../lib/gcc/arm-none-eabi/6.3.1/../../../../arm-none-eabi/lib/thumb/v6-m\libc.a(lib_a-__call_atexit.o)
 *(.init_array)
 .init_array    0x00001368        0x4 c:/program files (x86)/atmel/studio/7.0/toolchain/arm/arm-gnu-toolchain/bin/../lib/gcc/arm-none-eabi/6.3.1/thumb/v6-m/crtbegin.o
                0x0000136c                __init_array_end = .
                0x0000136c                . = ALIGN (0x4)
 *crtbegin.o(.ctors)
 *(EXCLUDE_FILE(*crtend.o) .ctors)
 *(SORT(.ctors.*))
 *crtend.o(.ctors)
                0x0000136c                . = ALIGN (0x4)
 *(.fini)
 .fini          0x0000136c        0x4 c:/program files (x86)/atmel/studio/7.0/toolchain/arm/arm-gnu-toolchain/bin/../lib/gcc/arm-none-eabi/6.3.1/thumb/v6-m/crti.o
                0x0000136c                _fini
 .fini          0x00001370        0x8 c:/program files (x86)/atmel/studio/7.0/toolchain/arm/arm-gnu-toolchain/bin/../lib/gcc/arm-none-eabi/6.3.1/thumb/v6-m/crtn.o
                0x00001378                . = ALIGN (0x4)
                0x00001378                __fini_array_start = .
 *(.fini_array)
 .fini_array    0x00001378        0x4 c:/program files (x86)/atmel/studio/7.0/toolchain/arm/arm-gnu-toolchain/bin/../lib/gcc/arm-none-eabi/6.3.1/thumb/v6-m/crtbegin.o
 *(SORT(.fini_array.*))
                0x0000137c                __fini_array_end = .
 *crtbegin.o(.dtors)
 *(EXCLUDE_FILE(*crtend.o) .dtors)
 *(SORT(.dtors.*))
 *crtend.o(.dtors)
                0x0000137c                . = ALIGN (0x4)
                0x0000137c                _efixed = .
                [!provide]                PROVIDE (__exidx_start, .)

.vfp11_veneer   0x0000137c        0x0
 .vfp11_veneer  0x0000137c        0x0 linker stubs

.v4_bx          0x0000137c        0x0
 .v4_bx         0x0000137c        0x0 linker stubs

.iplt           0x0000137c        0x0
 .iplt          0x0000137c        0x0 c:/program files (x86)/atmel/studio/7.0/toolchain/arm/arm-gnu-toolchain/bin/../lib/gcc/arm-none-eabi/6.3.1/thumb/v6-m/crtbegin.o

.eh_frame       0x0000137c        0x0
 .eh_frame      0x0000137c        0x0 c:/program files (x86)/atmel/studio/7.0/toolchain/arm/arm-gnu-toolchain/bin/../lib/gcc/arm-none-eabi/6.3.1/thumb/v6-m/crtbegin.o

.rel.dyn        0x0000137c        0x0
 .rel.iplt      0x0000137c        0x0 c:/program files (x86)/atmel/studio/7.0/toolchain/arm/arm-gnu-toolchain/bin/../lib/gcc/arm-none-eabi/6.3.1/thumb/v6-m/crtbegin.o

.jcr            0x0000137c        0x0
 .jcr           0x0000137c        0x0 c:/program files (x86)/atmel/studio/7.0/toolchain/arm/arm-gnu-toolchain/bin/../lib/gcc/arm-none-eabi/6.3.1/thumb/v6-m/crtbegin.o

.igot.plt       0x0000137c        0x0
 .igot.plt      0x0000137c        0x0 c:/program files (x86)/atmel/studio/7.0/toolchain/arm/arm-gnu-toolchain/bin/../lib/gcc/arm-none-eabi/6.3.1/thumb/v6-m/crtbegin.o

.ARM.exidx
 *(.ARM.exidx* .gnu.linkonce.armexidx.*)
                [!provide]                PROVIDE (__exidx_end, .)
                0x0000137c                . = ALIGN (0x4)
                0x0000137c                _etext = .

.relocate       0x20000000      0x434 load address 0x0000137c
                0x20000000                . = ALIGN (0x4)
                0x20000000                _srelocate = .
 *(.ramfunc .ramfunc.*)
 *(.data .data.*)
 .data          0x20000000        0x4 Device_Startup/system_samd21.o
                0x20000000                SystemCoreClock
 *fill*         0x20000004        0x4 
 .data.impure_data
                0x20000008      0x428 c:/program files (x86)/atmel/studio/7.0/toolchain/arm/arm-gnu-toolchain/bin/../lib/gcc/arm-none-eabi/6.3.1/../../../../arm-none-eabi/lib/thumb/v6-m\libc.a(lib_a-impure.o)
 .data.__atexit_recursive_mutex
                0x20000430        0x4 c:/program files (x86)/atmel/studio/7.0/toolchain/arm/arm-gnu-toolchain/bin/../lib/gcc/arm-none-eabi/6.3.1/../../../../arm-none-eabi/lib/thumb/v6-m\libc.a(lib_a-__call_atexit.o)
                0x20000430                __atexit_recursive_mutex
                0x20000434                . = ALIGN (0x4)
                0x20000434                _erelocate = .

.bss            0x20000434       0x84 load address 0x000017b0
                0x20000434                . = ALIGN (0x4)
                0x20000434                _sbss = .
                0x20000434                _szero = .
 *(.bss .bss.*)
 .bss           0x20000434       0x1c c:/program files (x86)/atmel/studio/7.0/toolchain/arm/arm-gnu-toolchain/bin/../lib/gcc/arm-none-eabi/6.3.1/thumb/v6-m/crtbegin.o
 .bss           0x20000450        0x1 accelerometer.o
                0x20000450                rslt
 *(COMMON)
 *fill*         0x20000451        0x3 
 COMMON         0x20000454       0x40 accelerometer.o
                0x20000454                accel
                0x20000460                sensor
                0x20000488                temp_accel
 COMMON         0x20000494       0x21 c:/program files (x86)/atmel/studio/7.0/toolchain/arm/arm-gnu-toolchain/bin/../lib/gcc/arm-none-eabi/6.3.1/../../../../arm-none-eabi/lib/thumb/v6-m\libc.a(lib_a-lock.o)
                0x20000494                __lock___atexit_recursive_mutex
                0x20000498                __lock___arc4random_mutex
                0x2000049c                __lock___env_recursive_mutex
                0x200004a0                __lock___sinit_recursive_mutex
                0x200004a4                __lock___malloc_recursive_mutex
                0x200004a8                __lock___at_quick_exit_mutex
                0x200004ac                __lock___dd_hash_mutex
                0x200004b0                __lock___tz_mutex
                0x200004b4                __lock___sfp_recursive_mutex
                0x200004b8                . = ALIGN (0x4)
 *fill*         0x200004b5        0x3 
                0x200004b8                _ebss = .
                0x200004b8                _ezero = .

.stack          0x200004b8     0x2000 load address 0x00001834
                0x200004b8                . = ALIGN (0x8)
                0x200004b8                _sstack = .
                0x200024b8                . = (. + STACK_SIZE)
 *fill*         0x200004b8     0x2000 
                0x200024b8                . = ALIGN (0x8)
                0x200024b8                _estack = .
                0x200024b8                . = ALIGN (0x4)
                0x200024b8                _end = .
OUTPUT(Lab 11.elf elf32-littlearm)

.ARM.attributes
                0x00000000       0x28
 .ARM.attributes
                0x00000000       0x1e c:/program files (x86)/atmel/studio/7.0/toolchain/arm/arm-gnu-toolchain/bin/../lib/gcc/arm-none-eabi/6.3.1/thumb/v6-m/crti.o
 .ARM.attributes
                0x0000001e       0x2c c:/program files (x86)/atmel/studio/7.0/toolchain/arm/arm-gnu-toolchain/bin/../lib/gcc/arm-none-eabi/6.3.1/thumb/v6-m/crtbegin.o
 .ARM.attributes
                0x0000004a       0x32 accelerometer.o
 .ARM.attributes
                0x0000007c       0x32 bmi160.o
 .ARM.attributes
                0x000000ae       0x32 Device_Startup/startup_samd21.o
 .ARM.attributes
                0x000000e0       0x32 Device_Startup/system_samd21.o
 .ARM.attributes
                0x00000112       0x32 i2c.o
 .ARM.attributes
                0x00000144       0x32 main.o
 .ARM.attributes
                0x00000176       0x2c c:/program files (x86)/atmel/studio/7.0/toolchain/arm/arm-gnu-toolchain/bin/../lib/gcc/arm-none-eabi/6.3.1/../../../../arm-none-eabi/lib/thumb/v6-m\libc.a(lib_a-bcopy.o)
 .ARM.attributes
                0x000001a2       0x2c c:/program files (x86)/atmel/studio/7.0/toolchain/arm/arm-gnu-toolchain/bin/../lib/gcc/arm-none-eabi/6.3.1/../../../../arm-none-eabi/lib/thumb/v6-m\libc.a(lib_a-impure.o)
 .ARM.attributes
                0x000001ce       0x2c c:/program files (x86)/atmel/studio/7.0/toolchain/arm/arm-gnu-toolchain/bin/../lib/gcc/arm-none-eabi/6.3.1/../../../../arm-none-eabi/lib/thumb/v6-m\libc.a(lib_a-init.o)
 .ARM.attributes
                0x000001fa       0x2c c:/program files (x86)/atmel/studio/7.0/toolchain/arm/arm-gnu-toolchain/bin/../lib/gcc/arm-none-eabi/6.3.1/../../../../arm-none-eabi/lib/thumb/v6-m\libc.a(lib_a-memcmp.o)
 .ARM.attributes
                0x00000226       0x2c c:/program files (x86)/atmel/studio/7.0/toolchain/arm/arm-gnu-toolchain/bin/../lib/gcc/arm-none-eabi/6.3.1/../../../../arm-none-eabi/lib/thumb/v6-m\libc.a(lib_a-memmove.o)
 .ARM.attributes
                0x00000252       0x2c c:/program files (x86)/atmel/studio/7.0/toolchain/arm/arm-gnu-toolchain/bin/../lib/gcc/arm-none-eabi/6.3.1/../../../../arm-none-eabi/lib/thumb/v6-m\libc.a(lib_a-memset.o)
 .ARM.attributes
                0x0000027e       0x2c c:/program files (x86)/atmel/studio/7.0/toolchain/arm/arm-gnu-toolchain/bin/../lib/gcc/arm-none-eabi/6.3.1/../../../../arm-none-eabi/lib/thumb/v6-m\libc.a(lib_a-__call_atexit.o)
 .ARM.attributes
                0x000002aa       0x2c c:/program files (x86)/atmel/studio/7.0/toolchain/arm/arm-gnu-toolchain/bin/../lib/gcc/arm-none-eabi/6.3.1/../../../../arm-none-eabi/lib/thumb/v6-m\libc.a(lib_a-atexit.o)
 .ARM.attributes
                0x000002d6       0x2c c:/program files (x86)/atmel/studio/7.0/toolchain/arm/arm-gnu-toolchain/bin/../lib/gcc/arm-none-eabi/6.3.1/../../../../arm-none-eabi/lib/thumb/v6-m\libc.a(lib_a-fini.o)
 .ARM.attributes
                0x00000302       0x2c c:/program files (x86)/atmel/studio/7.0/toolchain/arm/arm-gnu-toolchain/bin/../lib/gcc/arm-none-eabi/6.3.1/../../../../arm-none-eabi/lib/thumb/v6-m\libc.a(lib_a-lock.o)
 .ARM.attributes
                0x0000032e       0x2c c:/program files (x86)/atmel/studio/7.0/toolchain/arm/arm-gnu-toolchain/bin/../lib/gcc/arm-none-eabi/6.3.1/../../../../arm-none-eabi/lib/thumb/v6-m\libc.a(lib_a-__atexit.o)
 .ARM.attributes
                0x0000035a       0x1e c:/program files (x86)/atmel/studio/7.0/toolchain/arm/arm-gnu-toolchain/bin/../lib/gcc/arm-none-eabi/6.3.1/thumb/v6-m/crtn.o

.comment        0x00000000       0x59
 .comment       0x00000000       0x59 accelerometer.o
                                 0x5a (size before relaxing)
 .comment       0x00000059       0x5a bmi160.o
 .comment       0x00000059       0x5a Device_Startup/startup_samd21.o
 .comment       0x00000059       0x5a Device_Startup/system_samd21.o
 .comment       0x00000059       0x5a i2c.o
 .comment       0x00000059       0x5a main.o

.debug_info     0x00000000    0x1242e
 .debug_info    0x00000000     0x1083 accelerometer.o
 .debug_info    0x00001083     0x737c bmi160.o
 .debug_info    0x000083ff     0x3a2c Device_Startup/startup_samd21.o
 .debug_info    0x0000be2b     0x2b02 Device_Startup/system_samd21.o
 .debug_info    0x0000e92d     0x3078 i2c.o
 .debug_info    0x000119a5      0xa89 main.o

.debug_abbrev   0x00000000      0xe1f
 .debug_abbrev  0x00000000      0x2f8 accelerometer.o
 .debug_abbrev  0x000002f8      0x3ae bmi160.o
 .debug_abbrev  0x000006a6      0x227 Device_Startup/startup_samd21.o
 .debug_abbrev  0x000008cd      0x184 Device_Startup/system_samd21.o
 .debug_abbrev  0x00000a51      0x1db i2c.o
 .debug_abbrev  0x00000c2c      0x1f3 main.o

.debug_loc      0x00000000     0x9e5a
 .debug_loc     0x00000000      0x215 accelerometer.o
 .debug_loc     0x00000215     0x97ec bmi160.o
 .debug_loc     0x00009a01       0x78 Device_Startup/startup_samd21.o
 .debug_loc     0x00009a79       0x8b Device_Startup/system_samd21.o
 .debug_loc     0x00009b04      0x32a i2c.o
 .debug_loc     0x00009e2e       0x2c main.o

.debug_aranges  0x00000000      0x520
 .debug_aranges
                0x00000000       0x40 accelerometer.o
 .debug_aranges
                0x00000040      0x438 bmi160.o
 .debug_aranges
                0x00000478       0x28 Device_Startup/startup_samd21.o
 .debug_aranges
                0x000004a0       0x28 Device_Startup/system_samd21.o
 .debug_aranges
                0x000004c8       0x38 i2c.o
 .debug_aranges
                0x00000500       0x20 main.o

.debug_ranges   0x00000000      0x610
 .debug_ranges  0x00000000       0x30 accelerometer.o
 .debug_ranges  0x00000030      0x530 bmi160.o
 .debug_ranges  0x00000560       0x18 Device_Startup/startup_samd21.o
 .debug_ranges  0x00000578       0x18 Device_Startup/system_samd21.o
 .debug_ranges  0x00000590       0x70 i2c.o
 .debug_ranges  0x00000600       0x10 main.o

.debug_macro    0x00000000    0x12e81
 .debug_macro   0x00000000      0x41c accelerometer.o
 .debug_macro   0x0000041c      0x8a4 accelerometer.o
 .debug_macro   0x00000cc0       0x22 accelerometer.o
 .debug_macro   0x00000ce2       0x87 accelerometer.o
 .debug_macro   0x00000d69       0x51 accelerometer.o
 .debug_macro   0x00000dba       0xef accelerometer.o
 .debug_macro   0x00000ea9       0x6a accelerometer.o
 .debug_macro   0x00000f13      0x1df accelerometer.o
 .debug_macro   0x000010f2       0x3f accelerometer.o
 .debug_macro   0x00001131       0x3a accelerometer.o
 .debug_macro   0x0000116b       0x1f accelerometer.o
 .debug_macro   0x0000118a      0x250 accelerometer.o
 .debug_macro   0x000013da      0x67e accelerometer.o
 .debug_macro   0x00001a58      0x8b1 accelerometer.o
 .debug_macro   0x00002309      0x22e accelerometer.o
 .debug_macro   0x00002537      0xd5c accelerometer.o
 .debug_macro   0x00003293      0x4dc accelerometer.o
 .debug_macro   0x0000376f      0x9f6 accelerometer.o
 .debug_macro   0x00004165      0x82b accelerometer.o
 .debug_macro   0x00004990      0x45f accelerometer.o
 .debug_macro   0x00004def       0x5e accelerometer.o
 .debug_macro   0x00004e4d      0x8f9 accelerometer.o
 .debug_macro   0x00005746      0x21c accelerometer.o
 .debug_macro   0x00005962      0x735 accelerometer.o
 .debug_macro   0x00006097       0x5e accelerometer.o
 .debug_macro   0x000060f5      0x632 accelerometer.o
 .debug_macro   0x00006727      0x3ac accelerometer.o
 .debug_macro   0x00006ad3      0xc76 accelerometer.o
 .debug_macro   0x00007749     0x1092 accelerometer.o
 .debug_macro   0x000087db      0xc4a accelerometer.o
 .debug_macro   0x00009425      0x6ba accelerometer.o
 .debug_macro   0x00009adf     0x1b3d accelerometer.o
 .debug_macro   0x0000b61c     0x143c accelerometer.o
 .debug_macro   0x0000ca58      0x340 accelerometer.o
 .debug_macro   0x0000cd98       0x7c accelerometer.o
 .debug_macro   0x0000ce14       0xa0 accelerometer.o
 .debug_macro   0x0000ceb4       0x4c accelerometer.o
 .debug_macro   0x0000cf00       0xca accelerometer.o
 .debug_macro   0x0000cfca       0x94 accelerometer.o
 .debug_macro   0x0000d05e       0x58 accelerometer.o
 .debug_macro   0x0000d0b6      0x341 accelerometer.o
 .debug_macro   0x0000d3f7       0x82 accelerometer.o
 .debug_macro   0x0000d479      0x189 accelerometer.o
 .debug_macro   0x0000d602       0xb8 accelerometer.o
 .debug_macro   0x0000d6ba       0xa0 accelerometer.o
 .debug_macro   0x0000d75a       0xb2 accelerometer.o
 .debug_macro   0x0000d80c       0x1c accelerometer.o
 .debug_macro   0x0000d828       0x1c accelerometer.o
 .debug_macro   0x0000d844       0x1c accelerometer.o
 .debug_macro   0x0000d860       0x7c accelerometer.o
 .debug_macro   0x0000d8dc      0x15a accelerometer.o
 .debug_macro   0x0000da36       0x10 accelerometer.o
 .debug_macro   0x0000da46       0xdc accelerometer.o
 .debug_macro   0x0000db22      0x124 accelerometer.o
 .debug_macro   0x0000dc46      0x124 accelerometer.o
 .debug_macro   0x0000dd6a      0x124 accelerometer.o
 .debug_macro   0x0000de8e      0x124 accelerometer.o
 .debug_macro   0x0000dfb2      0x124 accelerometer.o
 .debug_macro   0x0000e0d6      0x124 accelerometer.o
 .debug_macro   0x0000e1fa      0x124 accelerometer.o
 .debug_macro   0x0000e31e       0xe2 accelerometer.o
 .debug_macro   0x0000e400       0xe2 accelerometer.o
 .debug_macro   0x0000e4e2       0xe2 accelerometer.o
 .debug_macro   0x0000e5c4      0x12a accelerometer.o
 .debug_macro   0x0000e6ee      0x100 accelerometer.o
 .debug_macro   0x0000e7ee       0xf4 accelerometer.o
 .debug_macro   0x0000e8e2      0x40f accelerometer.o
 .debug_macro   0x0000ecf1       0x40 accelerometer.o
 .debug_macro   0x0000ed31      0x376 accelerometer.o
 .debug_macro   0x0000f0a7     0x17df accelerometer.o
 .debug_macro   0x00010886       0x6d accelerometer.o
 .debug_macro   0x000108f3       0x28 accelerometer.o
 .debug_macro   0x0001091b      0x16d accelerometer.o
 .debug_macro   0x00010a88      0xb47 accelerometer.o
 .debug_macro   0x000115cf       0x58 accelerometer.o
 .debug_macro   0x00011627       0x35 accelerometer.o
 .debug_macro   0x0001165c       0x9c accelerometer.o
 .debug_macro   0x000116f8       0x58 accelerometer.o
 .debug_macro   0x00011750       0x1f accelerometer.o
 .debug_macro   0x0001176f       0x43 accelerometer.o
 .debug_macro   0x000117b2       0x20 accelerometer.o
 .debug_macro   0x000117d2      0x187 accelerometer.o
 .debug_macro   0x00011959      0x353 accelerometer.o
 .debug_macro   0x00011cac      0x1e1 accelerometer.o
 .debug_macro   0x00011e8d       0x16 accelerometer.o
 .debug_macro   0x00011ea3       0x35 accelerometer.o
 .debug_macro   0x00011ed8       0x16 accelerometer.o
 .debug_macro   0x00011eee       0x16 accelerometer.o
 .debug_macro   0x00011f04       0x29 accelerometer.o
 .debug_macro   0x00011f2d      0x179 bmi160.o
 .debug_macro   0x000120a6      0x2ef Device_Startup/startup_samd21.o
 .debug_macro   0x00012395       0x39 Device_Startup/startup_samd21.o
 .debug_macro   0x000123ce      0x31f Device_Startup/system_samd21.o
 .debug_macro   0x000126ed      0x350 i2c.o
 .debug_macro   0x00012a3d       0x22 i2c.o
 .debug_macro   0x00012a5f      0x422 main.o

.debug_line     0x00000000     0x3a96
 .debug_line    0x00000000      0x846 accelerometer.o
 .debug_line    0x00000846     0x14ee bmi160.o
 .debug_line    0x00001d34      0x6e2 Device_Startup/startup_samd21.o
 .debug_line    0x00002416      0x73f Device_Startup/system_samd21.o
 .debug_line    0x00002b55      0x78e i2c.o
 .debug_line    0x000032e3      0x7b3 main.o

.debug_str      0x00000000    0x778f5
 .debug_str     0x00000000    0x73d96 accelerometer.o
                              0x74292 (size before relaxing)
 .debug_str     0x00073d96     0x1731 bmi160.o
                               0xc72a (size before relaxing)
 .debug_str     0x000754c7     0x10c0 Device_Startup/startup_samd21.o
                              0x6d788 (size before relaxing)
 .debug_str     0x00076587      0xa56 Device_Startup/system_samd21.o
                              0x6d21c (size before relaxing)
 .debug_str     0x00076fdd      0x90c i2c.o
                              0x6d2db (size before relaxing)
 .debug_str     0x000778e9        0xc main.o
                              0x73edc (size before relaxing)

.debug_frame    0x00000000     0x12f0
 .debug_frame   0x00000000       0x94 accelerometer.o
 .debug_frame   0x00000094      0xed4 bmi160.o
 .debug_frame   0x00000f68       0x40 Device_Startup/startup_samd21.o
 .debug_frame   0x00000fa8       0x30 Device_Startup/system_samd21.o
 .debug_frame   0x00000fd8       0x80 i2c.o
 .debug_frame   0x00001058       0x28 main.o
 .debug_frame   0x00001080       0x28 c:/program files (x86)/atmel/studio/7.0/toolchain/arm/arm-gnu-toolchain/bin/../lib/gcc/arm-none-eabi/6.3.1/../../../../arm-none-eabi/lib/thumb/v6-m\libc.a(lib_a-bcopy.o)
 .debug_frame   0x000010a8       0x2c c:/program files (x86)/atmel/studio/7.0/toolchain/arm/arm-gnu-toolchain/bin/../lib/gcc/arm-none-eabi/6.3.1/../../../../arm-none-eabi/lib/thumb/v6-m\libc.a(lib_a-init.o)
 .debug_frame   0x000010d4       0x28 c:/program files (x86)/atmel/studio/7.0/toolchain/arm/arm-gnu-toolchain/bin/../lib/gcc/arm-none-eabi/6.3.1/../../../../arm-none-eabi/lib/thumb/v6-m\libc.a(lib_a-memcmp.o)
 .debug_frame   0x000010fc       0x30 c:/program files (x86)/atmel/studio/7.0/toolchain/arm/arm-gnu-toolchain/bin/../lib/gcc/arm-none-eabi/6.3.1/../../../../arm-none-eabi/lib/thumb/v6-m\libc.a(lib_a-memmove.o)
 .debug_frame   0x0000112c       0x30 c:/program files (x86)/atmel/studio/7.0/toolchain/arm/arm-gnu-toolchain/bin/../lib/gcc/arm-none-eabi/6.3.1/../../../../arm-none-eabi/lib/thumb/v6-m\libc.a(lib_a-memset.o)
 .debug_frame   0x0000115c       0x54 c:/program files (x86)/atmel/studio/7.0/toolchain/arm/arm-gnu-toolchain/bin/../lib/gcc/arm-none-eabi/6.3.1/../../../../arm-none-eabi/lib/thumb/v6-m\libc.a(lib_a-__call_atexit.o)
 .debug_frame   0x000011b0       0x28 c:/program files (x86)/atmel/studio/7.0/toolchain/arm/arm-gnu-toolchain/bin/../lib/gcc/arm-none-eabi/6.3.1/../../../../arm-none-eabi/lib/thumb/v6-m\libc.a(lib_a-atexit.o)
 .debug_frame   0x000011d8       0x2c c:/program files (x86)/atmel/studio/7.0/toolchain/arm/arm-gnu-toolchain/bin/../lib/gcc/arm-none-eabi/6.3.1/../../../../arm-none-eabi/lib/thumb/v6-m\libc.a(lib_a-fini.o)
 .debug_frame   0x00001204       0xb0 c:/program files (x86)/atmel/studio/7.0/toolchain/arm/arm-gnu-toolchain/bin/../lib/gcc/arm-none-eabi/6.3.1/../../../../arm-none-eabi/lib/thumb/v6-m\libc.a(lib_a-lock.o)
 .debug_frame   0x000012b4       0x3c c:/program files (x86)/atmel/studio/7.0/toolchain/arm/arm-gnu-toolchain/bin/../lib/gcc/arm-none-eabi/6.3.1/../../../../arm-none-eabi/lib/thumb/v6-m\libc.a(lib_a-__atexit.o)
